  DisplayChunk.cpp
M:\Year_4\CMP405\Week4\WFFC-Edit\WOFFCEdit\DisplayChunk.cpp(14,27): warning C4305: '=': truncation from 'double' to 'float'
M:\Year_4\CMP405\Week4\WFFC-Edit\WOFFCEdit\DisplayChunk.cpp(15,49): warning C4244: '=': conversion from 'int' to 'float', possible loss of data
M:\Year_4\CMP405\Week4\WFFC-Edit\WOFFCEdit\DisplayChunk.cpp(74,185): warning C4244: 'argument': conversion from 'double' to 'float', possible loss of data
M:\Year_4\CMP405\Week4\WFFC-Edit\WOFFCEdit\DisplayChunk.cpp(74,81): warning C4244: 'argument': conversion from 'double' to 'float', possible loss of data
M:\Year_4\CMP405\Week4\WFFC-Edit\WOFFCEdit\DisplayChunk.cpp(94,10): warning C4996: 'fopen': This function or variable may be unsafe. Consider using fopen_s instead. To disable deprecation, use _CRT_SECURE_NO_WARNINGS. See online help for details.
M:\Year_4\CMP405\Week4\WFFC-Edit\WOFFCEdit\DisplayChunk.cpp(152,10): warning C4996: 'fopen': This function or variable may be unsafe. Consider using fopen_s instead. To disable deprecation, use _CRT_SECURE_NO_WARNINGS. See online help for details.
M:\Year_4\CMP405\Week4\WFFC-Edit\WOFFCEdit\DisplayChunk.cpp(189,30): warning C4101: 'index4': unreferenced local variable
M:\Year_4\CMP405\Week4\WFFC-Edit\WOFFCEdit\DisplayChunk.cpp(189,14): warning C4101: 'index2': unreferenced local variable
M:\Year_4\CMP405\Week4\WFFC-Edit\WOFFCEdit\DisplayChunk.cpp(189,22): warning C4101: 'index3': unreferenced local variable
M:\Year_4\CMP405\Week4\WFFC-Edit\WOFFCEdit\DisplayChunk.cpp(189,6): warning C4101: 'index1': unreferenced local variable
  Game.cpp
M:\Year_4\CMP405\Week4\WFFC-Edit\WOFFCEdit\Game.cpp(28,16): warning C4305: '=': truncation from 'double' to 'float'
M:\Year_4\CMP405\Week4\WFFC-Edit\WOFFCEdit\Game.cpp(160,28): warning C4244: '=': conversion from 'double' to 'float', possible loss of data
M:\Year_4\CMP405\Week4\WFFC-Edit\WOFFCEdit\Game.cpp(161,28): warning C4244: '=': conversion from 'double' to 'float', possible loss of data
M:\Year_4\CMP405\Week4\WFFC-Edit\WOFFCEdit\Game.cpp(265,57): warning C4244: 'argument': conversion from 'double' to 'float', possible loss of data
M:\Year_4\CMP405\Week4\WFFC-Edit\WOFFCEdit\Game.cpp(264,57): warning C4244: 'argument': conversion from 'double' to 'float', possible loss of data
M:\Year_4\CMP405\Week4\WFFC-Edit\WOFFCEdit\Game.cpp(263,97): warning C4244: 'argument': conversion from 'double' to 'float', possible loss of data
M:\Year_4\CMP405\Week4\WFFC-Edit\WOFFCEdit\Game.cpp(249,10): warning C4101: 'Buffer': unreferenced local variable
M:\Year_4\CMP405\Week4\WFFC-Edit\WOFFCEdit\Game.cpp(624,82): warning C4244: 'argument': conversion from 'int' to 'float', possible loss of data
M:\Year_4\CMP405\Week4\WFFC-Edit\WOFFCEdit\Game.cpp(624,57): warning C4244: 'argument': conversion from 'int' to 'float', possible loss of data
M:\Year_4\CMP405\Week4\WFFC-Edit\WOFFCEdit\Game.cpp(625,81): warning C4244: 'argument': conversion from 'int' to 'float', possible loss of data
M:\Year_4\CMP405\Week4\WFFC-Edit\WOFFCEdit\Game.cpp(625,56): warning C4244: 'argument': conversion from 'int' to 'float', possible loss of data
M:\Year_4\CMP405\Week4\WFFC-Edit\WOFFCEdit\Game.cpp(628,20): warning C4018: '<': signed/unsigned mismatch
M:\Year_4\CMP405\Week4\WFFC-Edit\WOFFCEdit\Game.cpp(637,46): warning C4244: 'argument': conversion from 'double' to 'float', possible loss of data
M:\Year_4\CMP405\Week4\WFFC-Edit\WOFFCEdit\Game.cpp(636,46): warning C4244: 'argument': conversion from 'double' to 'float', possible loss of data
M:\Year_4\CMP405\Week4\WFFC-Edit\WOFFCEdit\Game.cpp(635,98): warning C4244: 'argument': conversion from 'double' to 'float', possible loss of data
M:\Year_4\CMP405\Week4\WFFC-Edit\WOFFCEdit\Game.cpp(643,111): warning C4244: 'argument': conversion from 'LONG' to 'float', possible loss of data
M:\Year_4\CMP405\Week4\WFFC-Edit\WOFFCEdit\Game.cpp(643,85): warning C4244: 'argument': conversion from 'LONG' to 'float', possible loss of data
M:\Year_4\CMP405\Week4\WFFC-Edit\WOFFCEdit\Game.cpp(644,109): warning C4244: 'argument': conversion from 'LONG' to 'float', possible loss of data
M:\Year_4\CMP405\Week4\WFFC-Edit\WOFFCEdit\Game.cpp(644,83): warning C4244: 'argument': conversion from 'LONG' to 'float', possible loss of data
M:\Year_4\CMP405\Week4\WFFC-Edit\WOFFCEdit\Game.cpp(651,21): warning C4018: '<': signed/unsigned mismatch
  MFCFrame.cpp
  _WIN32_WINNT not defined. Defaulting to _WIN32_WINNT_MAXVER (see WinSDKVer.h)
  MFCMain.cpp
  _WIN32_WINNT not defined. Defaulting to _WIN32_WINNT_MAXVER (see WinSDKVer.h)
  Main.cpp
  _WIN32_WINNT not defined. Defaulting to _WIN32_WINNT_MAXVER (see WinSDKVer.h)
  ToolMain.cpp
  _WIN32_WINNT not defined. Defaulting to _WIN32_WINNT_MAXVER (see WinSDKVer.h)
M:\Year_4\CMP405\Week4\WFFC-Edit\WOFFCEdit\ToolMain.cpp(95,46): warning C4244: '=': conversion from 'double' to 'float', possible loss of data
M:\Year_4\CMP405\Week4\WFFC-Edit\WOFFCEdit\ToolMain.cpp(96,46): warning C4244: '=': conversion from 'double' to 'float', possible loss of data
M:\Year_4\CMP405\Week4\WFFC-Edit\WOFFCEdit\ToolMain.cpp(97,46): warning C4244: '=': conversion from 'double' to 'float', possible loss of data
M:\Year_4\CMP405\Week4\WFFC-Edit\WOFFCEdit\ToolMain.cpp(98,46): warning C4244: '=': conversion from 'double' to 'float', possible loss of data
M:\Year_4\CMP405\Week4\WFFC-Edit\WOFFCEdit\ToolMain.cpp(99,46): warning C4244: '=': conversion from 'double' to 'float', possible loss of data
M:\Year_4\CMP405\Week4\WFFC-Edit\WOFFCEdit\ToolMain.cpp(100,46): warning C4244: '=': conversion from 'double' to 'float', possible loss of data
M:\Year_4\CMP405\Week4\WFFC-Edit\WOFFCEdit\ToolMain.cpp(101,46): warning C4244: '=': conversion from 'double' to 'float', possible loss of data
M:\Year_4\CMP405\Week4\WFFC-Edit\WOFFCEdit\ToolMain.cpp(102,46): warning C4244: '=': conversion from 'double' to 'float', possible loss of data
M:\Year_4\CMP405\Week4\WFFC-Edit\WOFFCEdit\ToolMain.cpp(103,46): warning C4244: '=': conversion from 'double' to 'float', possible loss of data
M:\Year_4\CMP405\Week4\WFFC-Edit\WOFFCEdit\ToolMain.cpp(115,48): warning C4244: '=': conversion from 'double' to 'float', possible loss of data
M:\Year_4\CMP405\Week4\WFFC-Edit\WOFFCEdit\ToolMain.cpp(116,48): warning C4244: '=': conversion from 'double' to 'float', possible loss of data
M:\Year_4\CMP405\Week4\WFFC-Edit\WOFFCEdit\ToolMain.cpp(117,48): warning C4244: '=': conversion from 'double' to 'float', possible loss of data
M:\Year_4\CMP405\Week4\WFFC-Edit\WOFFCEdit\ToolMain.cpp(121,48): warning C4244: '=': conversion from 'double' to 'float', possible loss of data
M:\Year_4\CMP405\Week4\WFFC-Edit\WOFFCEdit\ToolMain.cpp(122,47): warning C4244: '=': conversion from 'double' to 'float', possible loss of data
M:\Year_4\CMP405\Week4\WFFC-Edit\WOFFCEdit\ToolMain.cpp(123,42): warning C4244: '=': conversion from 'int' to 'float', possible loss of data
M:\Year_4\CMP405\Week4\WFFC-Edit\WOFFCEdit\ToolMain.cpp(127,50): warning C4244: '=': conversion from 'double' to 'int', possible loss of data
M:\Year_4\CMP405\Week4\WFFC-Edit\WOFFCEdit\ToolMain.cpp(128,50): warning C4244: '=': conversion from 'double' to 'int', possible loss of data
M:\Year_4\CMP405\Week4\WFFC-Edit\WOFFCEdit\ToolMain.cpp(138,57): warning C4244: '=': conversion from 'double' to 'float', possible loss of data
M:\Year_4\CMP405\Week4\WFFC-Edit\WOFFCEdit\ToolMain.cpp(139,57): warning C4244: '=': conversion from 'double' to 'float', possible loss of data
M:\Year_4\CMP405\Week4\WFFC-Edit\WOFFCEdit\ToolMain.cpp(140,57): warning C4244: '=': conversion from 'double' to 'float', possible loss of data
M:\Year_4\CMP405\Week4\WFFC-Edit\WOFFCEdit\ToolMain.cpp(141,58): warning C4244: '=': conversion from 'double' to 'float', possible loss of data
M:\Year_4\CMP405\Week4\WFFC-Edit\WOFFCEdit\ToolMain.cpp(142,58): warning C4244: '=': conversion from 'double' to 'float', possible loss of data
M:\Year_4\CMP405\Week4\WFFC-Edit\WOFFCEdit\ToolMain.cpp(143,58): warning C4244: '=': conversion from 'double' to 'float', possible loss of data
M:\Year_4\CMP405\Week4\WFFC-Edit\WOFFCEdit\ToolMain.cpp(144,59): warning C4244: '=': conversion from 'double' to 'float', possible loss of data
M:\Year_4\CMP405\Week4\WFFC-Edit\WOFFCEdit\ToolMain.cpp(145,56): warning C4244: '=': conversion from 'double' to 'float', possible loss of data
M:\Year_4\CMP405\Week4\WFFC-Edit\WOFFCEdit\ToolMain.cpp(146,54): warning C4244: '=': conversion from 'double' to 'float', possible loss of data
M:\Year_4\CMP405\Week4\WFFC-Edit\WOFFCEdit\ToolMain.cpp(147,57): warning C4244: '=': conversion from 'double' to 'float', possible loss of data
  Generating Code...
  Win32SimpleSample.vcxproj -> M:\Year_4\CMP405\Week4\WFFC-Edit\WOFFCEdit\Debug\WoFEdit.exe
